// Jest Snapshot v1, https://goo.gl/fbAQLP

exports[`CreateEventForm component render correctly 1`] = `
.c8 {
  display: inline-block;
  zoom: 1;
  line-height: normal;
  white-space: nowrap;
  vertical-align: middle;
  text-align: center;
  cursor: pointer;
  -webkit-user-select: none;
  -moz-user-select: none;
  -ms-user-select: none;
  user-select: none;
  outline: none;
  font-size: 13px;
  padding: 0.5em 1em;
  border: 1px solid rgba(0,0,0,0.2);
  border-radius: 3px;
  text-align: center;
}

.c8:hover {
  background-image: linear-gradient( transparent, rgba(0,0,0,0.05) 40%, rgba(0,0,0,0.1) );
}

.c8.active {
  background-image: linear-gradient( transparent, rgba(0,0,0,0.05) 40%, rgba(0,0,0,0.1) );
}

.c1 {
  min-width: 320px;
}

.c3 {
  display: -webkit-box;
  display: -webkit-flex;
  display: -ms-flexbox;
  display: flex;
  -webkit-flex-direction: column;
  -ms-flex-direction: column;
  flex-direction: column;
  color: #777;
  font-size: 0.8em;
  position: relative;
  width: 100%;
}

.c5 {
  width: 100%;
  height: 35px;
  background-color: #fff;
  padding: 0 4px;
  border-radius: 3px;
  margin-top: 8px;
  outline: none;
  border: 1px solid #ccc;
}

.c2 {
  display: -webkit-box;
  display: -webkit-flex;
  display: -ms-flexbox;
  display: flex;
  -webkit-flex-direction: column;
  -ms-flex-direction: column;
  flex-direction: column;
  margin-bottom: 16px;
}

.c4 {
  display: -webkit-box;
  display: -webkit-flex;
  display: -ms-flexbox;
  display: flex;
  -webkit-flex-direction: row;
  -ms-flex-direction: row;
  flex-direction: row;
  -webkit-box-pack: justify;
  -webkit-justify-content: space-between;
  -ms-flex-pack: justify;
  justify-content: space-between;
}

.c0 {
  padding-left: 8px;
  padding-right: 8px;
  padding-top: 32px;
}

.c6 {
  width: 100%;
  height: 35px;
  background-color: #fff;
  padding: 0 4px;
  border-radius: 3px;
  margin-top: 8px;
  outline: none;
  border: 1px solid #ccc;
  -webkit-box-flex: 1;
  -webkit-flex-grow: 1;
  -ms-flex-positive: 1;
  flex-grow: 1;
  margin-right: 8px;
}

.c7 {
  width: 100%;
  height: 35px;
  background-color: #fff;
  padding: 0 4px;
  border-radius: 3px;
  margin-top: 8px;
  outline: none;
  border: 1px solid #ccc;
  -webkit-box-flex: 1;
  -webkit-flex-grow: 1;
  -ms-flex-positive: 1;
  flex-grow: 1;
}

<div
  class="c0"
>
  <form
    class="c1"
  >
    <div
      class="c2"
    >
      <label
        class="c3"
      >
        Title
      </label>
      <div
        class="c4"
      >
        <input
          class="c5"
          data-testid="eventInput"
          name="title"
          placeholder="Event Title"
          type="text"
        />
      </div>
    </div>
    <div
      class="c2"
    >
      <label
        class="c3"
      >
        Starts
      </label>
      <div
        class="c4"
      >
        <input
          class="c6"
          data-testid="eventInput"
          name="startDate"
          type="date"
          value="2019-10-04"
        />
        <input
          class="c7"
          data-testid="eventInput"
          name="startTime"
          type="time"
          value="12:00"
        />
      </div>
    </div>
    <div
      class="c2"
    >
      <label
        class="c3"
      >
        Ends
      </label>
      <div
        class="c4"
      >
        <input
          class="c6"
          data-testid="eventInput"
          name="endDate"
          type="date"
          value="2019-10-04"
        />
        <input
          class="c7"
          data-testid="eventInput"
          name="endTime"
          type="time"
          value="13:00"
        />
      </div>
    </div>
    <div
      class="c2"
    >
      <div
        class="c4"
      >
        <div />
        <button
          class="c8"
          data-testid="save"
        >
          Save
        </button>
      </div>
    </div>
  </form>
</div>
`;
